###############################################################################
#
# IAR ELF Linker V8.50.1.245/W32 for ARM                  18/Aug/2021  19:39:19
# Copyright 2007-2020 IAR Systems AB.
#
#    Output file  =
#        G:\Github\GPTM_Driver_tm4c123gh6pm\Timer_Driver_V1\Debug\Exe\Timer_Driver_V1.out
#    Map file     =
#        G:\Github\GPTM_Driver_tm4c123gh6pm\Timer_Driver_V1\Debug\List\Timer_Driver_V1.map
#    Command line =
#        -f C:\Users\Owner\AppData\Local\Temp\EW6273.tmp
#        (G:\Github\GPTM_Driver_tm4c123gh6pm\Timer_Driver_V1\Debug\Obj\Clock_Driver.o
#        G:\Github\GPTM_Driver_tm4c123gh6pm\Timer_Driver_V1\Debug\Obj\Debug_Driver.o
#        G:\Github\GPTM_Driver_tm4c123gh6pm\Timer_Driver_V1\Debug\Obj\GPIO_Driver.o
#        G:\Github\GPTM_Driver_tm4c123gh6pm\Timer_Driver_V1\Debug\Obj\GPTM_Driver.o
#        G:\Github\GPTM_Driver_tm4c123gh6pm\Timer_Driver_V1\Debug\Obj\main.o
#        --no_out_extension -o
#        G:\Github\GPTM_Driver_tm4c123gh6pm\Timer_Driver_V1\Debug\Exe\Timer_Driver_V1.out
#        --redirect _Printf=_PrintfFullNoMb --redirect _Scanf=_ScanfFullNoMb
#        --map
#        G:\Github\GPTM_Driver_tm4c123gh6pm\Timer_Driver_V1\Debug\List\Timer_Driver_V1.map
#        --config G:\IAR\arm\config\linker\TexasInstruments\TM4C123GH6.icf
#        --semihosting --entry __iar_program_start --vfe --text_out locale)
#
###############################################################################

*******************************************************************************
*** RUNTIME MODEL ATTRIBUTES
***

CppFlavor       = *
__SystemLibrary = DLib
__dlib_version  = 6


*******************************************************************************
*** HEAP SELECTION
***

The basic heap was selected because some modules are built with
size limitations (and not runtime checking), and --advanced_heap
was not specified.


*******************************************************************************
*** PLACEMENT SUMMARY
***

"A0":  place at address 0x0 { ro section .intvec };
"P1":  place in [from 0x0 to 0x3'ffff] { ro };
define block CSTACK with size = 4K, alignment = 8 { };
define block HEAP with size = 8K, alignment = 8 { };
"P2":  place in [from 0x2000'0000 to 0x2000'7fff] {
          rw, block CSTACK, block HEAP };
initialize by copy { rw };

  Section            Kind         Address    Size  Object
  -------            ----         -------    ----  ------
"A0":                                        0x40
  .intvec            ro code          0x0    0x40  vector_table_M.o [4]
                                   - 0x40    0x40

"P1":                                      0x153c
  .text              ro code         0x40   0x314  logx64.o [3]
  .text              ro code        0x354    0x70  frexp.o [3]
  .text              ro code        0x3c4    0x2e  DblCmpLe.o [3]
  .text              ro code        0x3f2    0x2e  copy_init3.o [4]
  .text              ro code        0x420   0x1a2  DblMul.o [3]
  .text              ro code        0x5c2     0x2  vector_table_M.o [4]
  .text              ro code        0x5c4   0x17a  DblAdd.o [3]
  .text              ro code        0x740   0x246  DblDiv.o [3]
  .text              ro code        0x988    0xe2  DblSub.o [3]
  .text              ro code        0xa6c    0x22  S32ToDbl.o [3]
  .text              ro code        0xa90   0x2c0  GPIO_Driver.o [1]
  .text              ro code        0xd50    0x12  strcmp.o [4]
  .text              ro code        0xd64   0x25c  GPTM_Driver.o [1]
  .text              ro code        0xfc0    0x12  math_wrappers64.o [3]
  .text              ro code        0xfd4    0x3a  DblToS32.o [3]
  .text              ro code       0x1010   0x12c  Debug_Driver.o [1]
  Initializer bytes  const         0x113c   0x138  <for P2-1>
  .text              ro code       0x1274   0x100  Clock_Driver.o [1]
  .text              ro code       0x1374    0x7c  main.o [1]
  .text              ro code       0x13f0    0x28  data_init.o [4]
  .text              ro code       0x1418    0x22  fpinit_M.o [3]
  .iar.init_table    const         0x143c    0x14  - Linker created -
  .text              ro code       0x1450    0x1e  cmain.o [4]
  .text              ro code       0x146e     0x4  low_level_init.o [2]
  .text              ro code       0x1472     0x4  exit.o [2]
  .text              ro code       0x1478     0xa  cexit.o [4]
  .text              ro code       0x1484    0x14  exit.o [5]
  .rodata            const         0x1498     0xc  Debug_Driver.o [1]
  .rodata            const         0x14a4     0xc  GPIO_Driver.o [1]
  .rodata            const         0x14b0     0xc  GPIO_Driver.o [1]
  .rodata            const         0x14bc     0xc  GPTM_Driver.o [1]
  .rodata            const         0x14c8     0xc  GPTM_Driver.o [1]
  .rodata            const         0x14d4     0xc  GPTM_Driver.o [1]
  .rodata            const         0x14e0     0xc  main.o [1]
  .rodata            const         0x14ec     0xc  main.o [1]
  .text              ro code       0x14f8     0xc  cstartup_M.o [4]
  .rodata            const         0x1504     0x8  Debug_Driver.o [1]
  .rodata            const         0x150c     0x8  Debug_Driver.o [1]
  .rodata            const         0x1514     0x8  Debug_Driver.o [1]
  .rodata            const         0x151c     0x8  Debug_Driver.o [1]
  .rodata            const         0x1524     0x8  Debug_Driver.o [1]
  .rodata            const         0x152c     0x8  GPIO_Driver.o [1]
  .rodata            const         0x1534     0x8  GPIO_Driver.o [1]
  .rodata            const         0x153c     0x8  GPIO_Driver.o [1]
  .rodata            const         0x1544     0x8  GPIO_Driver.o [1]
  .rodata            const         0x154c     0x8  GPIO_Driver.o [1]
  .rodata            const         0x1554     0x8  GPTM_Driver.o [1]
  .rodata            const         0x155c     0x8  GPTM_Driver.o [1]
  .rodata            const         0x1564     0x8  GPTM_Driver.o [1]
  .rodata            const         0x156c     0x8  GPTM_Driver.o [1]
  .rodata            const         0x1574     0x8  main.o [1]
  .rodata            const         0x157c     0x0  copy_init3.o [4]
                                 - 0x157c  0x153c

"P2", part 1 of 2:                          0x138
  P2-1                        0x2000'0000   0x138  <Init block>
    .data            inited   0x2000'0000    0x18  GPIO_Driver.o [1]
    .data            inited   0x2000'0018    0x18  GPIO_Driver.o [1]
    .data            inited   0x2000'0030    0x18  GPIO_Driver.o [1]
    .data            inited   0x2000'0048    0x18  GPIO_Driver.o [1]
    .data            inited   0x2000'0060    0x18  GPIO_Driver.o [1]
    .data            inited   0x2000'0078    0x18  GPIO_Driver.o [1]
    .data            inited   0x2000'0090    0x18  GPTM_Driver.o [1]
    .data            inited   0x2000'00a8    0x18  GPTM_Driver.o [1]
    .data            inited   0x2000'00c0    0x18  GPTM_Driver.o [1]
    .data            inited   0x2000'00d8    0x18  GPTM_Driver.o [1]
    .data            inited   0x2000'00f0    0x18  GPTM_Driver.o [1]
    .data            inited   0x2000'0108    0x18  GPTM_Driver.o [1]
    .data            inited   0x2000'0120    0x18  GPTM_Driver.o [1]
                            - 0x2000'0138   0x138

"P2", part 2 of 2:                         0x1000
  CSTACK                      0x2000'0138  0x1000  <Block>
    CSTACK           uninit   0x2000'0138  0x1000  <Block tail>
                            - 0x2000'1138  0x1000

Unused ranges:

         From           To      Size
         ----           --      ----
       0x157c     0x3'ffff  0x3'ea84
  0x2000'1138  0x2000'7fff    0x6ec8


*******************************************************************************
*** INIT TABLE
***

          Address      Size
          -------      ----
Copy (__iar_copy_init3)
    1 source range, total size 0x138:
               0x113c  0x138
    1 destination range, total size 0x138:
          0x2000'0000  0x138



*******************************************************************************
*** MODULE SUMMARY
***

    Module             ro code  ro data  rw data
    ------             -------  -------  -------
command line/config:
    --------------------------------------------
    Total:

G:\Github\GPTM_Driver_tm4c123gh6pm\Timer_Driver_V1\Debug\Obj: [1]
    Clock_Driver.o         256
    Debug_Driver.o         300       52
    GPIO_Driver.o          704      208      144
    GPTM_Driver.o          604      236      168
    main.o                 124       32
    --------------------------------------------
    Total:               1'988      528      312

dl7M_tln.a: [2]
    exit.o                   4
    low_level_init.o         4
    --------------------------------------------
    Total:                   8

m7M_tls.a: [3]
    DblAdd.o               378
    DblCmpLe.o              46
    DblDiv.o               582
    DblMul.o               418
    DblSub.o               226
    DblToS32.o              58
    S32ToDbl.o              34
    fpinit_M.o              34
    frexp.o                112
    logx64.o               788
    math_wrappers64.o       18
    --------------------------------------------
    Total:               2'694

rt7M_tl.a: [4]
    cexit.o                 10
    cmain.o                 30
    copy_init3.o            46
    cstartup_M.o            12
    data_init.o             40
    strcmp.o                18
    vector_table_M.o        66
    --------------------------------------------
    Total:                 222

shb_l.a: [5]
    exit.o                  20
    --------------------------------------------
    Total:                  20

    Gaps                    18        2
    Linker created                   20    4'096
------------------------------------------------
    Grand Total:         4'950      550    4'408


*******************************************************************************
*** ENTRY LIST
***

Entry                       Address   Size  Type      Object
-----                       -------   ----  ----      ------
.iar.init_table$$Base        0x143c          --   Gb  - Linker created -
.iar.init_table$$Limit       0x1450          --   Gb  - Linker created -
?main                        0x1451         Code  Gb  cmain.o [4]
AFSEL_R                 0x2000'0048   0x18  Data  Gb  GPIO_Driver.o [1]
AMSEL_R                 0x2000'0018   0x18  Data  Gb  GPIO_Driver.o [1]
CLK_Enable                    0xa91   0x24  Code  Gb  GPIO_Driver.o [1]
CLK_Enable_GPTM_Module        0xd65   0x18  Code  Gb  GPTM_Driver.o [1]
CLK_PORTS               0x2000'0000   0x18  Data  Gb  GPIO_Driver.o [1]
CSTACK$$Base            0x2000'0138          --   Gb  - Linker created -
CSTACK$$Limit           0x2000'1138          --   Gb  - Linker created -
DATA_R                  0x2000'0078   0x18  Data  Gb  GPIO_Driver.o [1]
DEN_R                   0x2000'0030   0x18  Data  Gb  GPIO_Driver.o [1]
DIR_R                   0x2000'0060   0x18  Data  Gb  GPIO_Driver.o [1]
Debug_Intialization          0x1095   0x88  Code  Gb  Debug_Driver.o [1]
Debug_Led                    0x1011   0x84  Code  Gb  Debug_Driver.o [1]
Enable_Timer_Number           0xd7d   0x46  Code  Gb  GPTM_Driver.o [1]
GPIO_PORT_UNLOCK              0xab5   0x3a  Code  Gb  GPIO_Driver.o [1]
GPTM_Delay_Unit               0xee5   0x84  Code  Gb  GPTM_Driver.o [1]
PIN_ANALOG_DIGITAL            0xaef   0xc6  Code  Gb  GPIO_Driver.o [1]
PIN_FUNCTION_SELECT           0xbb5   0x76  Code  Gb  GPIO_Driver.o [1]
PIN_INPUT_OUTPUT              0xc2b   0x76  Code  Gb  GPIO_Driver.o [1]
PIN_WRITE_DIGITAL             0xca1   0x68  Code  Gb  GPIO_Driver.o [1]
Region$$Table$$Base          0x143c          --   Gb  - Linker created -
Region$$Table$$Limit         0x1450          --   Gb  - Linker created -
Set_Clock_MHz                0x1275  0x100  Code  Gb  Clock_Driver.o [1]
TIMERS_Aload_R          0x2000'00f0   0x18  Data  Gb  GPTM_Driver.o [1]
TIMERS_CFG_R            0x2000'00a8   0x18  Data  Gb  GPTM_Driver.o [1]
TIMERS_Clear_R          0x2000'0108   0x18  Data  Gb  GPTM_Driver.o [1]
TIMERS_Flag_R           0x2000'0120   0x18  Data  Gb  GPTM_Driver.o [1]
TIMERS_R                0x2000'0090   0x18  Data  Gb  GPTM_Driver.o [1]
TIMERS_TAMR_R           0x2000'00c0   0x18  Data  Gb  GPTM_Driver.o [1]
TIMERS_TAPR_R           0x2000'00d8   0x18  Data  Gb  GPTM_Driver.o [1]
Timer_Number_Mode             0xe11   0x66  Code  Gb  GPTM_Driver.o [1]
Timer_Number_Option           0xdc3   0x4e  Code  Gb  GPTM_Driver.o [1]
Timer_Number_Prescaler        0xe79   0x56  Code  Gb  GPTM_Driver.o [1]
Timer_Number_Ticks            0xecf   0x16  Code  Gb  GPTM_Driver.o [1]
__aeabi_cdcmple               0x3c5         Code  Gb  DblCmpLe.o [3]
__aeabi_d2iz                  0xfd5         Code  Gb  DblToS32.o [3]
__aeabi_dadd                  0x5c5         Code  Gb  DblAdd.o [3]
__aeabi_ddiv                  0x741         Code  Gb  DblDiv.o [3]
__aeabi_dmul                  0x421         Code  Gb  DblMul.o [3]
__aeabi_dsub                  0x989         Code  Gb  DblSub.o [3]
__aeabi_i2d                   0xa6d         Code  Gb  S32ToDbl.o [3]
__cmain                      0x1451         Code  Gb  cmain.o [4]
__exit                       0x1485   0x14  Code  Gb  exit.o [5]
__iar_Log64                    0x41  0x278  Code  Lc  logx64.o [3]
__iar_copy_init3              0x3f3   0x2e  Code  Gb  copy_init3.o [4]
__iar_dadd                    0x999         Code  Gb  DblSub.o [3]
__iar_data_init3             0x13f1   0x28  Code  Gb  data_init.o [4]
__iar_dsub                    0x5d5         Code  Gb  DblAdd.o [3]
__iar_dsubStart               0x5e7         Code  Gb  DblAdd.o [3]
__iar_frexp                   0x361         Code  Gb  frexp.o [3]
__iar_frexpl                  0x361         Code  Gb  frexp.o [3]
__iar_init_vfp               0x1419         Code  Gb  fpinit_M.o [3]
__iar_log64                   0x351    0x4  Code  Gb  logx64.o [3]
__iar_log_medium              0x351    0x4  Code  Gb  logx64.o [3]
__iar_log_medium64            0x351    0x4  Code  Gb  logx64.o [3]
__iar_log_mediuml             0x351    0x4  Code  Gb  logx64.o [3]
__iar_program_start          0x14f9         Code  Gb  cstartup_M.o [4]
__iar_softfp___iar_frexp64
                              0x355         Code  Gb  frexp.o [3]
__iar_softfp_frexp            0x355         Code  Gb  frexp.o [3]
__iar_softfp_frexpl           0x355         Code  Gb  frexp.o [3]
__iar_vfp_log                 0xfc7    0xc  Code  Gb  math_wrappers64.o [3]
__low_level_init             0x146f    0x4  Code  Gb  low_level_init.o [2]
__vector_table                  0x0         Data  Gb  vector_table_M.o [4]
_call_main                   0x145d         Code  Gb  cmain.o [4]
_exit                        0x1479         Code  Gb  cexit.o [4]
_main                        0x146b         Code  Gb  cmain.o [4]
exit                         0x1473    0x4  Code  Gb  exit.o [2]
log                           0x351    0x4  Code  Gb  logx64.o [3]
logl                          0x351    0x4  Code  Gb  logx64.o [3]
main                         0x1375   0x7c  Code  Gb  main.o [1]
strcmp                        0xd51         Code  Gb  strcmp.o [4]


[1] = G:\Github\GPTM_Driver_tm4c123gh6pm\Timer_Driver_V1\Debug\Obj
[2] = dl7M_tln.a
[3] = m7M_tls.a
[4] = rt7M_tl.a
[5] = shb_l.a

  4'950 bytes of readonly  code memory
    550 bytes of readonly  data memory
  4'408 bytes of readwrite data memory

Errors: none
Warnings: none
